2026-10-06 16:57:27  identifying research requirements
2026-10-06 16:57:33  generating search queries
2026-10-06 16:57:39  searching sources
2026-10-06 16:58:12  summarizing findings from search results
2026-10-06 16:58:36  checking findings against sources
2026-10-06 16:58:46  checking which requirements are still open
2026-10-06 16:58:49  starting the next research stage
2026-10-06 16:58:49  generating search queries
2026-10-06 16:58:51  searching sources
2026-10-06 16:58:59  summarizing findings from search results
2026-10-06 16:59:08  checking findings against sources
2026-10-06 16:59:09  checking which requirements are still open
2026-10-06 16:59:11  writing the final report
2026-10-06 16:59:36  building the comparison
2026-10-06 17:07:57  identifying research requirements
2026-10-06 17:08:02  generating search queries
2026-10-06 17:08:06  searching sources
2026-10-06 17:08:38  summarizing findings from search results
2026-10-06 17:08:49  checking findings against sources
2026-10-06 17:08:56  checking which requirements are still open
2026-10-06 17:09:04  writing the final report
2026-10-06 17:09:18  building the comparison
2026-10-06 17:21:10  identifying research requirements
2026-10-06 17:21:14  generating search queries
2026-10-06 17:21:19  searching sources
2026-10-06 17:21:50  summarizing findings from search results
2026-10-06 17:22:06  checking findings against sources
2026-10-06 17:22:20  checking which requirements are still open
2026-10-06 17:22:24  starting the next research stage
2026-10-06 17:22:24  generating search queries
2026-10-06 17:22:26  searching sources
2026-10-06 17:22:33  summarizing findings from search results
2026-10-06 17:22:37  checking findings against sources
2026-10-06 17:22:38  checking which requirements are still open
2026-10-06 17:22:39  writing the final report
2026-10-06 17:22:56  building the comparison
